          ,^-,_/^\,-^,_
       _,-'MMMMMMMMMMMM`-,_
     ,-'MMMMMMM    MMMMMMMM`-.
    ,'MMMMMM    MMMMMMMMMMMMM`.
    |MMMMM    MMMMMMMMMMMMMMMM\
   \_,-..__MMMMMMMMMMMMMMMMMMMM|
     /  __ `-.._MMMMMMMMMMMMMMM|
    (    <@)    `-. ,-. MMMMMMM|
   <                ( | MMMMMMM/
    \_              `-' MMMMMM/
     \wwww._        o   MMMMM/
      `----'            MMM_/
       `-.__            `--'
           `---..__
  _,--''''''       `--.
,-'                    `-.
