            ,^-,_/^\,-^-,_
        _,-'MMMMMMMMMMMMMM`-,_
      ,-'MMMMMMMMMM    MMMMMMM`-.
     ,'MMMMMMMMMM    MMMMMMMMMMM`.
    /MMMMMMMMM    MMMMMMMMMMMMMMMM\
    |MMMMMMM    MMMMMMMMMMMMMMMMMM|
    \_,--..__MMMMMMMMMMMMMMMMMMMMMM|
      /   ___ `--.._MMMMMMMMMMMMMMM|
     (     <@)    `-.._MMMMMMMMMMMM|
     |              `-. ,-. MMMMMMM|
    <                   ( | MMMMMMM/
     \_                 `-' MMMMMM/
      \wwwww._          o  MMMMM_/
       `-----'              `---'
        `-.__
            `-----.._
   __,---'''''''     `--.
 ,-'                       `-.
